<html>
<body>
<pre>
<h1>µVision Build Log</h1>
<h2>Tool Versions:</h2>
IDE-Version: µVision V5.24.2.0
Copyright (C) 2017 ARM Ltd and ARM Germany GmbH. All rights reserved.
License Information: 1 2, 3, LIC=----
 
Tool Versions:
Toolchain:       MDK-Lite  Version: 5.24.1
Toolchain Path:  C:\Keil_v5\ARM\ARMCC\Bin
C Compiler:      Armcc.exe V5.06 update 5 (build 528)
Assembler:       Armasm.exe V5.06 update 5 (build 528)
Linker/Locator:  ArmLink.exe V5.06 update 5 (build 528)
Library Manager: ArmAr.exe V5.06 update 5 (build 528)
Hex Converter:   FromElf.exe V5.06 update 5 (build 528)
CPU DLL:         SARMCM3.DLL V5.24.1
Dialog DLL:      DCM.DLL V1.16.0.0
Target DLL:      UL2CM3.DLL V1.160.3.0
Dialog DLL:      TCM.DLL V1.32.0.0
 
<h2>Project:</h2>
C:\Users\ﬂÌËÌ‡\Desktop\LAB111\laba.uvprojx
Project File Date:  10/11/2021

<h2>Output:</h2>
*** Using Compiler 'V5.06 update 5 (build 528)', folder: 'C:\Keil_v5\ARM\ARMCC\Bin'
Build target 'Target 1'
assembling startup.s...
main.s(61): warning: A1313W: Missing END directive at end of file
   included by GET/INCLUDE directive from (1): warning: 
   included by GET/INCLUDE directive from : 
startup.s(22): warning: A1488W: PROC/FUNC at line 15 in 'main.s' without matching ENDP/ENDFUNC
startup.s(9): warning: A1581W: Added 2 bytes of padding at address 0x4a
assembling main.s...
main.s(61): warning: A1313W: Missing END directive at end of file
main.s(61): warning: A1581W: Added 2 bytes of padding at address 0x4a
linking...
.\Objects\laba.sct(8): warning: L6314W: No section matches pattern *(InRoot$$Sections).
Program Size: Code=96 RO-data=12 RW-data=64 ZI-data=0  
Finished: 0 information, 1 warning and 0 error messages.
".\Objects\laba.axf" - 0 Error(s), 7 Warning(s).

<h2>Software Packages used:</h2>

Package Vendor: Keil
                http://www.keil.com/pack/Keil.STM32F1xx_DFP.2.3.0.pack
                Keil.STM32F1xx_DFP.2.3.0
                STMicroelectronics STM32F1 Series Device Support, Drivers and Examples

<h2>Collection of Component include folders:</h2>
  .\RTE\_Target_1
  C:\Keil_v5\ARM\PACK\Keil\STM32F1xx_DFP\2.3.0\Device\Include

<h2>Collection of Component Files used:</h2>
Build Time Elapsed:  00:00:00
</pre>
</body>
</html>
